2025-02-07 22:35:47,278 - INFO - Starting analysis pipeline
2025-02-07 22:35:47,283 - INFO - Loaded 71 stations for processing
2025-02-07 22:35:50,785 - INFO - Processing station 003_BL_Ar
2025-02-07 22:35:57,622 - INFO - Creating plots for station 003_BL_Ar
2025-02-07 22:36:04,548 - ERROR - Error processing station 003_BL_Ar: 'c_CI'
2025-02-07 22:36:04,549 - INFO - Processing station 009_BL_Ca
2025-02-07 22:36:08,713 - INFO - Creating plots for station 009_BL_Ca
2025-02-07 22:36:12,355 - ERROR - Error processing station 009_BL_Ca: 'c_CI'
2025-02-07 22:36:12,359 - INFO - Processing station 011_BL_Ma
2025-02-07 22:36:16,545 - INFO - Creating plots for station 011_BL_Ma
2025-02-07 22:36:19,763 - ERROR - Error processing station 011_BL_Ma: 'c_CI'
2025-02-07 22:36:19,765 - INFO - Processing station 015_BL_Ga
2025-02-07 22:36:23,888 - INFO - Creating plots for station 015_BL_Ga
2025-02-07 22:36:27,108 - ERROR - Error processing station 015_BL_Ga: 'c_CI'
2025-02-07 22:36:27,111 - INFO - Processing station 019_BL_Ag
2025-02-07 22:36:31,222 - INFO - Creating plots for station 019_BL_Ag
2025-02-07 22:36:34,430 - ERROR - Error processing station 019_BL_Ag: 'c_CI'
2025-02-07 22:36:34,432 - INFO - Processing station 022_BL_Sa
2025-02-07 22:36:38,454 - INFO - Creating plots for station 022_BL_Sa
2025-02-07 22:36:41,574 - ERROR - Error processing station 022_BL_Sa: 'c_CI'
2025-02-07 22:36:41,576 - INFO - Processing station 025_BL_So
2025-02-07 22:36:45,612 - INFO - Creating plots for station 025_BL_So
2025-02-07 22:36:48,994 - ERROR - Error processing station 025_BL_So: 'c_CI'
2025-02-07 22:36:48,997 - INFO - Processing station 048_BL_Po
2025-02-07 22:36:53,024 - INFO - Creating plots for station 048_BL_Po
2025-02-07 22:36:56,079 - ERROR - Error processing station 048_BL_Po: 'c_CI'
2025-02-07 22:36:56,081 - INFO - Processing station 056_BL_Fo
2025-02-07 22:37:00,266 - INFO - Creating plots for station 056_BL_Fo
2025-02-07 22:37:03,690 - ERROR - Error processing station 056_BL_Fo: 'c_CI'
2025-02-07 22:37:03,693 - INFO - Processing station 058_BL_Sa
2025-02-07 22:37:07,801 - INFO - Creating plots for station 058_BL_Sa
2025-02-07 22:37:11,317 - ERROR - Error processing station 058_BL_Sa: 'c_CI'
2025-02-07 22:37:11,319 - INFO - Processing station 059_BL_Do
2025-02-07 22:37:15,379 - INFO - Creating plots for station 059_BL_Do
2025-02-07 22:37:18,574 - ERROR - Error processing station 059_BL_Do: 'c_CI'
2025-02-07 22:37:18,576 - INFO - Processing station 076_VI_Tu
2025-02-07 22:37:22,852 - INFO - Creating plots for station 076_VI_Tu
2025-02-07 22:37:26,264 - ERROR - Error processing station 076_VI_Tu: 'c_CI'
2025-02-07 22:37:26,266 - INFO - Processing station 091_BL_Pa
2025-02-07 22:37:30,325 - INFO - Creating plots for station 091_BL_Pa
2025-02-07 22:37:33,597 - ERROR - Error processing station 091_BL_Pa: 'c_CI'
2025-02-07 22:37:33,599 - INFO - Processing station 093_BL_To
2025-02-07 22:37:37,716 - INFO - Creating plots for station 093_BL_To
2025-02-07 22:37:40,986 - ERROR - Error processing station 093_BL_To: 'c_CI'
2025-02-07 22:37:40,989 - INFO - Processing station 096_RO_Ba
2025-02-07 22:37:45,133 - INFO - Creating plots for station 096_RO_Ba
2025-02-07 22:37:48,207 - ERROR - Error processing station 096_RO_Ba: 'c_CI'
2025-02-07 22:37:48,208 - INFO - Processing station 101_RO_Po
2025-02-07 22:37:52,430 - INFO - Creating plots for station 101_RO_Po
2025-02-07 22:37:55,522 - ERROR - Error processing station 101_RO_Po: 'c_CI'
2025-02-07 22:37:55,524 - INFO - Processing station 104_VR_Vi
2025-02-07 22:37:59,643 - INFO - Creating plots for station 104_VR_Vi
2025-02-07 22:38:02,743 - ERROR - Error processing station 104_VR_Vi: 'c_CI'
2025-02-07 22:38:02,745 - INFO - Processing station 105_VI_Lo
2025-02-07 22:38:07,004 - INFO - Creating plots for station 105_VI_Lo
2025-02-07 22:38:10,094 - ERROR - Error processing station 105_VI_Lo: 'c_CI'
2025-02-07 22:38:10,096 - INFO - Processing station 112_RO_Ro
2025-02-07 22:38:14,215 - INFO - Creating plots for station 112_RO_Ro
2025-02-07 22:38:17,039 - ERROR - Error processing station 112_RO_Ro: 'c_CI'
2025-02-07 22:38:17,041 - INFO - Processing station 114_RO_Vi
2025-02-07 22:38:21,142 - INFO - Creating plots for station 114_RO_Vi
2025-02-07 22:38:24,043 - ERROR - Error processing station 114_RO_Vi: 'c_CI'
2025-02-07 22:38:24,045 - INFO - Processing station 115_RO_Ad
2025-02-07 22:38:28,168 - INFO - Creating plots for station 115_RO_Ad
2025-02-07 22:38:31,277 - ERROR - Error processing station 115_RO_Ad: 'c_CI'
2025-02-07 22:38:31,279 - INFO - Processing station 116_RO_Fr
2025-02-07 22:38:35,459 - INFO - Creating plots for station 116_RO_Fr
2025-02-07 22:38:38,590 - ERROR - Error processing station 116_RO_Fr: 'c_CI'
2025-02-07 22:38:38,592 - INFO - Processing station 117_VR_So
2025-02-07 22:38:42,754 - INFO - Creating plots for station 117_VR_So
2025-02-07 22:38:45,582 - ERROR - Error processing station 117_VR_So: 'c_CI'
2025-02-07 22:38:45,584 - INFO - Processing station 118_VR_Ba
2025-02-07 22:38:49,717 - INFO - Creating plots for station 118_VR_Ba
2025-02-07 22:38:52,668 - ERROR - Error processing station 118_VR_Ba: 'c_CI'
2025-02-07 22:38:52,670 - INFO - Processing station 120_VR_Do
2025-02-07 22:38:56,788 - INFO - Creating plots for station 120_VR_Do
2025-02-07 22:38:59,768 - ERROR - Error processing station 120_VR_Do: 'c_CI'
2025-02-07 22:38:59,770 - INFO - Processing station 123_VR_Ar
2025-02-07 22:39:03,882 - INFO - Creating plots for station 123_VR_Ar
2025-02-07 22:39:06,781 - ERROR - Error processing station 123_VR_Ar: 'c_CI'
2025-02-07 22:39:06,784 - INFO - Processing station 125_VR_Sa
2025-02-07 22:39:11,199 - INFO - Creating plots for station 125_VR_Sa
2025-02-07 22:39:13,972 - ERROR - Error processing station 125_VR_Sa: 'c_CI'
2025-02-07 22:39:13,973 - INFO - Processing station 126_VR_Il
2025-02-07 22:39:18,162 - INFO - Creating plots for station 126_VR_Il
2025-02-07 22:39:20,781 - ERROR - Error processing station 126_VR_Il: 'c_CI'
2025-02-07 22:39:20,784 - INFO - Processing station 127_VR_Bu
2025-02-07 22:39:24,937 - INFO - Creating plots for station 127_VR_Bu
2025-02-07 22:39:27,692 - ERROR - Error processing station 127_VR_Bu: 'c_CI'
2025-02-07 22:39:27,693 - INFO - Processing station 128_VR_Gr
2025-02-07 22:39:31,933 - INFO - Creating plots for station 128_VR_Gr
2025-02-07 22:39:34,760 - ERROR - Error processing station 128_VR_Gr: 'c_CI'
2025-02-07 22:39:34,762 - INFO - Processing station 129_VR_Ca
2025-02-07 22:39:38,996 - INFO - Creating plots for station 129_VR_Ca
2025-02-07 22:39:41,764 - ERROR - Error processing station 129_VR_Ca: 'c_CI'
2025-02-07 22:39:41,765 - INFO - Processing station 134_VI_Ma
2025-02-07 22:39:45,914 - INFO - Creating plots for station 134_VI_Ma
2025-02-07 22:39:48,587 - ERROR - Error processing station 134_VI_Ma: 'c_CI'
2025-02-07 22:39:48,589 - INFO - Processing station 135_VI_Ri
2025-02-07 22:39:52,815 - INFO - Creating plots for station 135_VI_Ri
2025-02-07 22:39:55,606 - ERROR - Error processing station 135_VI_Ri: 'c_CI'
2025-02-07 22:39:55,607 - INFO - Processing station 137_VI_Va
2025-02-07 22:39:59,928 - INFO - Creating plots for station 137_VI_Va
2025-02-07 22:40:02,661 - ERROR - Error processing station 137_VI_Va: 'c_CI'
2025-02-07 22:40:02,661 - INFO - Processing station 139_VI_Lu
2025-02-07 22:40:07,040 - INFO - Creating plots for station 139_VI_Lu
2025-02-07 22:40:09,919 - ERROR - Error processing station 139_VI_Lu: 'c_CI'
2025-02-07 22:40:09,920 - INFO - Processing station 140_VI_Pa
2025-02-07 22:40:14,159 - INFO - Creating plots for station 140_VI_Pa
2025-02-07 22:40:17,081 - ERROR - Error processing station 140_VI_Pa: 'c_CI'
2025-02-07 22:40:17,081 - INFO - Processing station 144_VI_Ro
2025-02-07 22:40:21,224 - INFO - Creating plots for station 144_VI_Ro
2025-02-07 22:40:24,024 - ERROR - Error processing station 144_VI_Ro: 'c_CI'
2025-02-07 22:40:24,025 - INFO - Processing station 145_VI_Ba
2025-02-07 22:40:28,175 - INFO - Creating plots for station 145_VI_Ba
2025-02-07 22:40:30,828 - ERROR - Error processing station 145_VI_Ba: 'c_CI'
2025-02-07 22:40:30,829 - INFO - Processing station 147_VI_Br
2025-02-07 22:40:35,016 - INFO - Creating plots for station 147_VI_Br
2025-02-07 22:40:37,804 - ERROR - Error processing station 147_VI_Br: 'c_CI'
2025-02-07 22:40:37,805 - INFO - Processing station 148_VI_Br
2025-02-07 22:40:42,065 - INFO - Creating plots for station 148_VI_Br
2025-02-07 22:40:44,920 - ERROR - Error processing station 148_VI_Br: 'c_CI'
2025-02-07 22:40:44,921 - INFO - Processing station 149_VI_Mo
2025-02-07 22:40:49,052 - INFO - Creating plots for station 149_VI_Mo
2025-02-07 22:40:51,855 - ERROR - Error processing station 149_VI_Mo: 'c_CI'
2025-02-07 22:40:51,856 - INFO - Processing station 159_VE_Po
2025-02-07 22:40:56,023 - INFO - Creating plots for station 159_VE_Po
2025-02-07 22:40:58,864 - ERROR - Error processing station 159_VE_Po: 'c_CI'
2025-02-07 22:40:58,865 - INFO - Processing station 163_VE_No
2025-02-07 22:41:03,111 - INFO - Creating plots for station 163_VE_No
2025-02-07 22:41:05,974 - ERROR - Error processing station 163_VE_No: 'c_CI'
2025-02-07 22:41:05,976 - INFO - Processing station 165_VE_Fo
2025-02-07 22:41:10,264 - INFO - Creating plots for station 165_VE_Fo
2025-02-07 22:41:13,241 - ERROR - Error processing station 165_VE_Fo: 'c_CI'
2025-02-07 22:41:13,242 - INFO - Processing station 166_VE_Lu
2025-02-07 22:41:17,565 - INFO - Creating plots for station 166_VE_Lu
2025-02-07 22:41:20,572 - ERROR - Error processing station 166_VE_Lu: 'c_CI'
2025-02-07 22:41:20,573 - INFO - Processing station 167_VE_Mi
2025-02-07 22:41:24,844 - INFO - Creating plots for station 167_VE_Mi
2025-02-07 22:41:27,697 - ERROR - Error processing station 167_VE_Mi: 'c_CI'
2025-02-07 22:41:27,699 - INFO - Processing station 168_VE_Ch
2025-02-07 22:41:31,981 - INFO - Creating plots for station 168_VE_Ch
2025-02-07 22:41:34,986 - ERROR - Error processing station 168_VE_Ch: 'c_CI'
2025-02-07 22:41:34,988 - INFO - Processing station 169_PD_Ag
2025-02-07 22:41:39,428 - INFO - Creating plots for station 169_PD_Ag
2025-02-07 22:41:42,395 - ERROR - Error processing station 169_PD_Ag: 'c_CI'
2025-02-07 22:41:42,397 - INFO - Processing station 170_PD_Te
2025-02-07 22:41:46,681 - INFO - Creating plots for station 170_PD_Te
2025-02-07 22:41:49,596 - ERROR - Error processing station 170_PD_Te: 'c_CI'
2025-02-07 22:41:49,598 - INFO - Processing station 175_PD_Co
2025-02-07 22:41:53,893 - INFO - Creating plots for station 175_PD_Co
2025-02-07 22:41:56,907 - ERROR - Error processing station 175_PD_Co: 'c_CI'
2025-02-07 22:41:56,909 - INFO - Processing station 179_PD_Ca
2025-02-07 22:42:01,369 - INFO - Creating plots for station 179_PD_Ca
2025-02-07 22:42:04,296 - ERROR - Error processing station 179_PD_Ca: 'c_CI'
2025-02-07 22:42:04,298 - INFO - Processing station 183_TV_Vo
2025-02-07 22:42:08,553 - INFO - Creating plots for station 183_TV_Vo
2025-02-07 22:42:11,526 - ERROR - Error processing station 183_TV_Vo: 'c_CI'
2025-02-07 22:42:11,528 - INFO - Processing station 184_TV_Ze
2025-02-07 22:42:15,865 - INFO - Creating plots for station 184_TV_Ze
2025-02-07 22:42:18,838 - ERROR - Error processing station 184_TV_Ze: 'c_CI'
2025-02-07 22:42:18,840 - INFO - Processing station 185_TV_Va
2025-02-07 22:42:23,107 - INFO - Creating plots for station 185_TV_Va
2025-02-07 22:42:26,003 - ERROR - Error processing station 185_TV_Va: 'c_CI'
2025-02-07 22:42:26,005 - INFO - Processing station 186_TV_Ga
2025-02-07 22:42:30,372 - INFO - Creating plots for station 186_TV_Ga
2025-02-07 22:42:33,394 - ERROR - Error processing station 186_TV_Ga: 'c_CI'
2025-02-07 22:42:33,396 - INFO - Processing station 187_TV_Ro
2025-02-07 22:42:37,734 - INFO - Creating plots for station 187_TV_Ro
2025-02-07 22:42:40,707 - ERROR - Error processing station 187_TV_Ro: 'c_CI'
2025-02-07 22:42:40,709 - INFO - Processing station 188_TV_Vi
2025-02-07 22:42:45,045 - INFO - Creating plots for station 188_TV_Vi
2025-02-07 22:42:48,037 - ERROR - Error processing station 188_TV_Vi: 'c_CI'
2025-02-07 22:42:48,038 - INFO - Processing station 189_TV_Va
2025-02-07 22:42:52,560 - INFO - Creating plots for station 189_TV_Va
2025-02-07 22:42:55,507 - ERROR - Error processing station 189_TV_Va: 'c_CI'
2025-02-07 22:42:55,509 - INFO - Processing station 190_VI_Br
2025-02-07 22:42:59,793 - INFO - Creating plots for station 190_VI_Br
2025-02-07 22:43:02,794 - ERROR - Error processing station 190_VI_Br: 'c_CI'
2025-02-07 22:43:02,796 - INFO - Processing station 191_VI_Mo
2025-02-07 22:43:07,102 - INFO - Creating plots for station 191_VI_Mo
2025-02-07 22:43:10,213 - ERROR - Error processing station 191_VI_Mo: 'c_CI'
2025-02-07 22:43:10,214 - INFO - Processing station 195_TV_Fa
2025-02-07 22:43:14,739 - INFO - Creating plots for station 195_TV_Fa
2025-02-07 22:43:17,711 - ERROR - Error processing station 195_TV_Fa: 'c_CI'
2025-02-07 22:43:17,712 - INFO - Processing station 196_TV_Od
2025-02-07 22:43:22,077 - INFO - Creating plots for station 196_TV_Od
2025-02-07 22:43:24,864 - ERROR - Error processing station 196_TV_Od: 'c_CI'
2025-02-07 22:43:24,865 - INFO - Processing station 197_TV_Ma
2025-02-07 22:43:29,174 - INFO - Creating plots for station 197_TV_Ma
2025-02-07 22:43:31,921 - ERROR - Error processing station 197_TV_Ma: 'c_CI'
2025-02-07 22:43:31,923 - INFO - Processing station 199_BL_Lo
2025-02-07 22:43:36,322 - INFO - Creating plots for station 199_BL_Lo
2025-02-07 22:43:39,233 - ERROR - Error processing station 199_BL_Lo: 'c_CI'
2025-02-07 22:43:39,234 - INFO - Processing station 200_BL_La
2025-02-07 22:43:43,482 - INFO - Creating plots for station 200_BL_La
2025-02-07 22:43:46,357 - ERROR - Error processing station 200_BL_La: 'c_CI'
2025-02-07 22:43:46,359 - INFO - Processing station 203_BL_Pa
2025-02-07 22:43:50,658 - INFO - Creating plots for station 203_BL_Pa
2025-02-07 22:43:53,464 - ERROR - Error processing station 203_BL_Pa: 'c_CI'
2025-02-07 22:43:53,465 - INFO - Processing station 216_BL_Ca
2025-02-07 22:43:57,788 - INFO - Creating plots for station 216_BL_Ca
2025-02-07 22:44:00,710 - ERROR - Error processing station 216_BL_Ca: 'c_CI'
2025-02-07 22:44:00,711 - INFO - Processing station 236_BL_Sa
2025-02-07 22:44:05,039 - INFO - Creating plots for station 236_BL_Sa
2025-02-07 22:44:07,963 - ERROR - Error processing station 236_BL_Sa: 'c_CI'
2025-02-07 22:44:07,965 - INFO - Processing station 237_BL_Co
2025-02-07 22:44:12,407 - INFO - Creating plots for station 237_BL_Co
2025-02-07 22:44:15,261 - ERROR - Error processing station 237_BL_Co: 'c_CI'
2025-02-07 22:44:15,263 - INFO - Processing station 246_BL_Co
2025-02-07 22:44:19,600 - INFO - Creating plots for station 246_BL_Co
2025-02-07 22:44:22,488 - ERROR - Error processing station 246_BL_Co: 'c_CI'
2025-02-07 22:44:22,490 - INFO - Processing station 247_BL_Ca
2025-02-07 22:44:26,823 - INFO - Creating plots for station 247_BL_Ca
2025-02-07 22:44:29,590 - ERROR - Error processing station 247_BL_Ca: 'c_CI'
2025-02-07 22:44:29,592 - INFO - Processing completed. Successful: 0, Failed: 71, Total: 71
2025-02-07 22:44:29,888 - INFO - Results saved!
